<html>
<body>
<pre>
<h1>µVision Build Log</h1>
<h2>Tool Versions:</h2>
IDE-Version: µVision V5.25.2.0
Copyright (C) 2018 ARM Ltd and ARM Germany GmbH. All rights reserved.
License Information: Vince Keiper, Astrodyne Tdi Inc, LIC=03CTI-TLWS2-MZEWF-P1AU6-VUYX7-SQ4RH
 
Tool Versions:
Toolchain:       MDK-ARM Plus  Version: 5.25.2.0
Toolchain Path:  C:\Keil_v5\ARM\ARMCC\Bin
C Compiler:      Armcc.exe V5.06 update 6 (build 750)
Assembler:       Armasm.exe V5.06 update 6 (build 750)
Linker/Locator:  ArmLink.exe V5.06 update 6 (build 750)
Library Manager: ArmAr.exe V5.06 update 6 (build 750)
Hex Converter:   FromElf.exe V5.06 update 6 (build 750)
CPU DLL:         SARMCM3.DLL V5.25.2.0
Dialog DLL:      DCM.DLL V1.17.1.0
Target DLL:      STLink\ST-LINKIII-KEIL_SWO.dll V3.0.1.0
Dialog DLL:      TCM.DLL V1.35.1.0
 
<h2>Project:</h2>
C:\Users\keipe_v\Documents\TDI\firmware\STM32F4\STM32Cube_FW_F4_V1.16.0\Projects\STM32F429I-Discovery\Applications\STemWin\LGAC_CONTROLLER\MDK-ARM\Project.uvprojx
Project File Date:  07/05/2018

<h2>Output:</h2>
*** Using Compiler 'V5.06 update 6 (build 750)', folder: 'C:\Keil_v5\ARM\ARMCC\Bin'
Build target 'STM32F429I_DISCO_MB1075'
compiling tim.c...
compiling stm32f4xx_it.c...
compiling adc.c...
compiling gpio.c...
compiling ir_rmt_txr.c...
..\Src\ir_rmt_txr.c(170): warning:  #550-D: variable "lastState"  was set but never used
  static uint8_t lastState = INITTX;
..\Src\ir_rmt_txr.c: 1 warning, 0 errors
compiling main.c...
compiling hvac_ctl.c...
compiling usart.c...
compiling WindowDLG.c...
..\Src\WindowDLG.c(836): warning:  #1035-D: single-precision operand implicitly converted to double-precision
  				ctldata_s.acCoolTemps.dmd = ctldata_s.acCoolTemps.dmd +1.00;
..\Src\WindowDLG.c(837): warning:  #1035-D: single-precision operand implicitly converted to double-precision
  			  if(ctldata_s.acCoolTemps.dmd >= 75.00){
..\Src\WindowDLG.c(684): warning:  #177-D: variable "scTempRoom"  was declared but never referenced
  static int8_t scTempRoom=0;
..\Src\WindowDLG.c: 3 warnings, 0 errors
compiling modbusrtu.c...
..\Src\modbusrtu.c(277): warning:  #177-D: variable "pSecond"  was declared but never referenced
  			uint8_t *pFirst,*pSecond;
..\Src\modbusrtu.c(539): warning:  #550-D: variable "nChars"  was set but never used
      int nChars=0;
..\Src\modbusrtu.c(128): warning:  #177-D: function "_MBDumpFrame"  was declared but never referenced
  static void _MBDumpFrame(void)
..\Src\modbusrtu.c: 3 warnings, 0 errors
compiling LCDConf_stm32f429i_disco_MB1075.c...
linking...
Program Size: Code=91632 RO-data=44372 RW-data=1504 ZI-data=40224  
".\Output\lgac_ctlr.axf" - 0 Error(s), 7 Warning(s).

<h2>Software Packages used:</h2>

Package Vendor: ARM
                http://www.keil.com/pack/ARM.CMSIS.5.3.0.pack
                ARM.CMSIS.5.3.0
                CMSIS (Cortex Microcontroller Software Interface Standard)
   * Component: CORE Version: 5.1.1

Package Vendor: Keil
                http://www.keil.com/pack/Keil.STM32F4xx_DFP.2.13.0.pack
                Keil.STM32F4xx_DFP.2.13.0
                STMicroelectronics STM32F4 Series Device Support, Drivers and Examples

<h2>Collection of Component include folders:</h2>
  .\RTE\_STM32F429I_DISCO_MB1075
  C:\Keil_v5\ARM\PACK\ARM\CMSIS\5.3.0\CMSIS\Include
  C:\Keil_v5\ARM\PACK\Keil\STM32F4xx_DFP\2.13.0\Drivers\CMSIS\Device\ST\STM32F4xx\Include

<h2>Collection of Component Files used:</h2>

   * Component: ARM::CMSIS:CORE:5.1.1
Build Time Elapsed:  00:00:13
</pre>
</body>
</html>
